2026-09-04 08:31:06,912 - INFO - ✅ Connected to database
2026-09-04 08:31:06,912 - INFO - 
============================================================
2026-09-04 08:31:06,913 - INFO - 📊 CALCULATING BTC INDICATORS
2026-09-04 08:31:06,913 - INFO - ============================================================
2026-09-04 08:31:06,955 - INFO - ✅ Fetched 365 records
2026-09-04 08:31:06,956 - INFO - 🔍 Calculating Support & Resistance...
2026-09-04 08:31:07,035 - INFO - 💧 Calculating Liquidity...
2026-09-04 08:31:07,077 - INFO - 📈 Calculating Moving Averages...
2026-09-04 08:31:07,079 - INFO - 📊 Calculating RSI...
2026-09-04 08:31:07,083 - INFO - 📊 Calculating MACD...
2026-09-04 08:31:07,085 - INFO - 📊 Calculating Bollinger Bands...
2026-09-04 08:31:07,087 - INFO - 📊 Calculating ATR...
2026-09-04 08:31:07,091 - INFO - 📊 Calculating Fibonacci...
2026-09-04 08:31:07,092 - INFO - 📊 Calculating Pivot Points...
2026-09-04 08:31:07,093 - INFO - 🎯 Generating Overall Signal...
2026-09-04 08:31:07,093 - INFO - ✅ All indicators calculated successfully!
2026-09-04 08:31:07,103 - ERROR - ❌ Error saving to JSON: Circular reference detected
2026-09-04 08:31:07,104 - INFO - 🔒 Connection closed
2026-09-04 08:43:36,040 - INFO - 
============================================================
2026-09-04 08:43:36,040 - INFO - 📧 SENDING BTC INDICATORS REPORT
2026-09-04 08:43:36,040 - INFO - ============================================================
2026-09-04 08:43:36,041 - INFO - 🔄 Calling btc_indicators.py...
2026-09-04 08:43:36,079 - INFO - ✅ Connected to database
2026-09-04 08:43:36,079 - INFO - 
============================================================
2026-09-04 08:43:36,080 - INFO - 📊 CALCULATING BTC INDICATORS
2026-09-04 08:43:36,080 - INFO - ============================================================
2026-09-04 08:43:36,123 - INFO - ✅ Fetched 365 records
2026-09-04 08:43:36,124 - INFO - 🔍 Calculating Support & Resistance...
2026-09-04 08:43:36,203 - INFO - 💧 Calculating Liquidity...
2026-09-04 08:43:36,222 - INFO - 📈 Calculating Moving Averages...
2026-09-04 08:43:36,225 - INFO - 📊 Calculating RSI...
2026-09-04 08:43:36,228 - INFO - 📊 Calculating MACD...
2026-09-04 08:43:36,230 - INFO - 📊 Calculating Bollinger Bands...
2026-09-04 08:43:36,232 - INFO - 📊 Calculating ATR...
2026-09-04 08:43:36,236 - INFO - 📊 Calculating Fibonacci...
2026-09-04 08:43:36,237 - INFO - 📊 Calculating Pivot Points...
2026-09-04 08:43:36,238 - INFO - 🎯 Generating Overall Signal...
2026-09-04 08:43:36,238 - INFO - ✅ All indicators calculated successfully!
2026-09-04 08:43:36,239 - INFO - 🔒 Connection closed
2026-09-04 08:43:36,240 - INFO - ✅ Indicators calculated successfully
2026-09-04 08:43:36,241 - INFO - 📧 Sending email to mdshoaibhabibai@outlook.com...
2026-09-04 08:43:40,882 - INFO - ✅ Email sent successfully!
2026-09-04 08:43:40,883 - INFO - ✅ Report sent successfully!
2026-09-04 08:46:47,688 - INFO - ✅ Connected to database
2026-09-04 08:46:47,688 - INFO - 
============================================================
2026-09-04 08:46:47,689 - INFO - 📊 CALCULATING BTC INDICATORS
2026-09-04 08:46:47,689 - INFO - ============================================================
2026-09-04 08:46:47,733 - INFO - ✅ Fetched 365 records
2026-09-04 08:46:47,734 - INFO - 🔍 Calculating Support & Resistance...
2026-09-04 08:46:47,816 - INFO - 💧 Calculating Liquidity...
2026-09-04 08:46:47,835 - INFO - 📈 Calculating Moving Averages...
2026-09-04 08:46:47,838 - INFO - 📊 Calculating RSI...
2026-09-04 08:46:47,842 - INFO - 📊 Calculating MACD...
2026-09-04 08:46:47,845 - INFO - 📊 Calculating Bollinger Bands...
2026-09-04 08:46:47,847 - INFO - 📊 Calculating ATR...
2026-09-04 08:46:47,852 - INFO - 📊 Calculating Fibonacci...
2026-09-04 08:46:47,853 - INFO - 📊 Calculating Pivot Points...
2026-09-04 08:46:47,853 - INFO - 🎯 Generating Overall Signal...
2026-09-04 08:46:47,854 - INFO - ✅ All indicators calculated successfully!
2026-09-04 08:46:47,855 - INFO - 🔒 Connection closed
2026-09-04 08:46:51,383 - INFO - ✅ Connected to database
2026-09-04 08:46:51,383 - INFO - 
============================================================
2026-09-04 08:46:51,383 - INFO - 📊 CALCULATING BTC INDICATORS
2026-09-04 08:46:51,384 - INFO - ============================================================
2026-09-04 08:46:51,407 - INFO - ✅ Fetched 365 records
2026-09-04 08:46:51,408 - INFO - 🔍 Calculating Support & Resistance...
2026-09-04 08:46:51,487 - INFO - 💧 Calculating Liquidity...
2026-09-04 08:46:51,505 - INFO - 📈 Calculating Moving Averages...
2026-09-04 08:46:51,508 - INFO - 📊 Calculating RSI...
2026-09-04 08:46:51,511 - INFO - 📊 Calculating MACD...
2026-09-04 08:46:51,513 - INFO - 📊 Calculating Bollinger Bands...
2026-09-04 08:46:51,514 - INFO - 📊 Calculating ATR...
2026-09-04 08:46:51,518 - INFO - 📊 Calculating Fibonacci...
2026-09-04 08:46:51,519 - INFO - 📊 Calculating Pivot Points...
2026-09-04 08:46:51,520 - INFO - 🎯 Generating Overall Signal...
2026-09-04 08:46:51,520 - INFO - ✅ All indicators calculated successfully!
2026-09-04 08:46:51,521 - INFO - 🔒 Connection closed
