2026-09-04 07:52:59,766 - INFO - 
============================================================
2026-09-04 07:52:59,767 - INFO - 🚀 STARTING DATABASE SETUP
2026-09-04 07:52:59,767 - INFO - ============================================================
2026-09-04 07:52:59,768 - INFO - 🔌 Connecting to MySQL server at localhost...
2026-09-04 07:53:00,040 - INFO - ✅ Connected to MySQL server successfully!
2026-09-04 07:53:00,040 - INFO - 📁 Checking if database 'bitcoin_db' exists...
2026-09-04 07:53:00,044 - INFO - ✅ Database 'bitcoin_db' created/verified successfully!
2026-09-04 07:53:00,044 - INFO - ✅ Switched to database 'bitcoin_db'
2026-09-04 07:53:00,045 - INFO - 📊 Creating tables...
2026-09-04 07:53:00,045 - INFO -   • Creating 'btc_price_history' table...
2026-09-04 07:53:00,050 - INFO -     ✅ 'btc_price_history' table created
2026-09-04 07:53:00,050 - INFO -   • Creating 'predictions' table...
2026-09-04 07:53:00,054 - INFO -     ✅ 'predictions' table created
2026-09-04 07:53:00,054 - INFO -   • Creating 'performance' table...
2026-09-04 07:53:00,057 - INFO -     ✅ 'performance' table created
2026-09-04 07:53:00,058 - INFO - ✅ All tables created successfully!
2026-09-04 07:53:00,058 - INFO - 
============================================================
2026-09-04 07:53:00,059 - INFO - 📊 DATABASE INFORMATION
2026-09-04 07:53:00,059 - INFO - ============================================================
2026-09-04 07:53:00,059 - INFO - Database: bitcoin_db
2026-09-04 07:53:00,060 - INFO - Host: localhost
2026-09-04 07:53:00,060 - INFO - User: root
2026-09-04 07:53:00,065 - INFO - 
📋 Tables: 3
2026-09-04 07:53:00,073 - INFO - 
  📌 btc_price_history
2026-09-04 07:53:00,073 - INFO -      Records: 4370
2026-09-04 07:53:00,074 - INFO -      Columns: 7
2026-09-04 07:53:00,074 - INFO -      Column Names: id, date, open, high, low, close, volume
2026-09-04 07:53:00,078 - INFO - 
  📌 performance
2026-09-04 07:53:00,079 - INFO -      Records: 0
2026-09-04 07:53:00,079 - INFO -      Columns: 8
2026-09-04 07:53:00,079 - INFO -      Column Names: id, date, total_predictions, correct_predictions, accuracy, avg_error, model_type, created_at
2026-09-04 07:53:00,083 - INFO - 
  📌 predictions
2026-09-04 07:53:00,083 - INFO -      Records: 0
2026-09-04 07:53:00,083 - INFO -      Columns: 8
2026-09-04 07:53:00,084 - INFO -      Column Names: id, date, predicted_price, actual_price, direction, accuracy, model_type, created_at
2026-09-04 07:53:00,084 - INFO - ============================================================
2026-09-04 07:53:00,084 - INFO - 
✅ DATABASE SETUP COMPLETED SUCCESSFULLY!
2026-09-04 07:53:00,086 - INFO - 🔒 Database connection closed
2026-09-04 08:05:30,841 - INFO - 
============================================================
2026-09-04 08:05:30,876 - INFO - 🚀 STARTING DATABASE SETUP
2026-09-04 08:05:30,876 - INFO - ============================================================
2026-09-04 08:05:30,877 - INFO - 🔌 Connecting to MySQL server at localhost...
2026-09-04 08:05:31,159 - INFO - ✅ Connected to MySQL server successfully!
2026-09-04 08:05:31,160 - INFO - 📁 Checking if database 'bitcoin_db' exists...
2026-09-04 08:05:31,171 - INFO - ✅ Database 'bitcoin_db' created/verified successfully!
2026-09-04 08:05:31,172 - INFO - ✅ Switched to database 'bitcoin_db'
2026-09-04 08:05:31,172 - INFO - 📊 Creating tables...
2026-09-04 08:05:31,174 - INFO -   • Creating 'btc_price_history' table...
2026-09-04 08:05:31,179 - INFO -     ✅ 'btc_price_history' table created (date as PRIMARY KEY)
2026-09-04 08:05:31,179 - INFO -   • Creating 'predictions' table...
2026-09-04 08:05:31,182 - INFO -     ✅ 'predictions' table created (date as PRIMARY KEY)
2026-09-04 08:05:31,183 - INFO -   • Creating 'performance' table...
2026-09-04 08:05:31,187 - INFO -     ✅ 'performance' table created (date as PRIMARY KEY)
2026-09-04 08:05:31,187 - INFO - ✅ All tables created successfully!
2026-09-04 08:05:31,188 - INFO - 
============================================================
2026-09-04 08:05:31,188 - INFO - 📊 DATABASE INFORMATION
2026-09-04 08:05:31,188 - INFO - ============================================================
2026-09-04 08:05:31,189 - INFO - Database: bitcoin_db
2026-09-04 08:05:31,189 - INFO - Host: localhost
2026-09-04 08:05:31,189 - INFO - User: root
2026-09-04 08:05:31,193 - INFO - 
📋 Tables: 3
2026-09-04 08:05:31,200 - INFO - 
  📌 btc_price_history
2026-09-04 08:05:31,200 - INFO -      Records: 4370
2026-09-04 08:05:31,201 - INFO -      Columns: 6
2026-09-04 08:05:31,201 - INFO -      Column Names: date, open, high, low, close, volume
2026-09-04 08:05:31,206 - INFO - 
  📌 performance
2026-09-04 08:05:31,207 - INFO -      Records: 0
2026-09-04 08:05:31,207 - INFO -      Columns: 7
2026-09-04 08:05:31,207 - INFO -      Column Names: date, total_predictions, correct_predictions, accuracy, avg_error, model_type, created_at
2026-09-04 08:05:31,213 - INFO - 
  📌 predictions
2026-09-04 08:05:31,214 - INFO -      Records: 0
2026-09-04 08:05:31,214 - INFO -      Columns: 7
2026-09-04 08:05:31,214 - INFO -      Column Names: date, predicted_price, actual_price, direction, accuracy, model_type, created_at
2026-09-04 08:05:31,217 - INFO - ============================================================
2026-09-04 08:05:31,217 - INFO - 
✅ DATABASE SETUP COMPLETED SUCCESSFULLY!
2026-09-04 08:05:31,219 - INFO - 🔒 Database connection closed
2026-09-05 20:12:48,831 - INFO - 
============================================================
2026-09-05 20:12:48,832 - INFO - 🚀 STARTING DATABASE SETUP
2026-09-05 20:12:48,832 - INFO - ============================================================
2026-09-05 20:12:48,833 - INFO - 🔌 Connecting to MySQL server at localhost...
2026-09-05 20:12:48,906 - INFO - ✅ Connected to MySQL server successfully!
2026-09-05 20:12:48,907 - INFO - 📁 Checking if database 'bitcoin_db' exists...
2026-09-05 20:12:48,922 - INFO - ✅ Database 'bitcoin_db' created/verified successfully!
2026-09-05 20:12:48,924 - INFO - ✅ Switched to database 'bitcoin_db'
2026-09-05 20:12:48,924 - INFO - 📊 Creating tables...
2026-09-05 20:12:48,925 - INFO -   • Creating 'btc_price_history' table...
2026-09-05 20:12:49,056 - INFO -     ✅ 'btc_price_history' table created (date as PRIMARY KEY)
2026-09-05 20:12:49,057 - INFO -   • Creating 'predictions' table...
2026-09-05 20:12:49,089 - INFO -     ✅ 'predictions' table created (date as PRIMARY KEY)
2026-09-05 20:12:49,089 - INFO -   • Creating 'performance' table...
2026-09-05 20:12:49,117 - INFO -     ✅ 'performance' table created (date as PRIMARY KEY)
2026-09-05 20:12:49,118 - INFO - ✅ All tables created successfully!
2026-09-05 20:12:49,118 - INFO - 
============================================================
2026-09-05 20:12:49,118 - INFO - 📊 DATABASE INFORMATION
2026-09-05 20:12:49,119 - INFO - ============================================================
2026-09-05 20:12:49,119 - INFO - Database: bitcoin_db
2026-09-05 20:12:49,120 - INFO - Host: localhost
2026-09-05 20:12:49,121 - INFO - User: root
2026-09-05 20:12:49,140 - INFO - 
📋 Tables: 3
2026-09-05 20:12:49,166 - INFO - 
  📌 btc_price_history
2026-09-05 20:12:49,166 - INFO -      Records: 0
2026-09-05 20:12:49,168 - INFO -      Columns: 7
2026-09-05 20:12:49,169 - INFO -      Column Names: date, open, high, low, close, volume, created_at
2026-09-05 20:12:49,178 - INFO -      Primary Key: date
2026-09-05 20:12:49,185 - INFO - 
  📌 performance
2026-09-05 20:12:49,185 - INFO -      Records: 0
2026-09-05 20:12:49,185 - INFO -      Columns: 7
2026-09-05 20:12:49,186 - INFO -      Column Names: date, total_predictions, correct_predictions, accuracy, avg_error, model_type, created_at
2026-09-05 20:12:49,188 - INFO -      Primary Key: date
2026-09-05 20:12:49,192 - INFO - 
  📌 predictions
2026-09-05 20:12:49,193 - INFO -      Records: 0
2026-09-05 20:12:49,193 - INFO -      Columns: 7
2026-09-05 20:12:49,193 - INFO -      Column Names: date, predicted_price, actual_price, direction, accuracy, model_type, created_at
2026-09-05 20:12:49,197 - INFO -      Primary Key: date
2026-09-05 20:12:49,197 - INFO - ============================================================
2026-09-05 20:12:49,198 - INFO - 
✅ DATABASE SETUP COMPLETED SUCCESSFULLY!
2026-09-05 20:12:49,199 - INFO - 🔒 Database connection closed
